
*** crates/tianheng/src/runner.rs:488:5: replace require_non_empty -> Result<String, u8> with Ok("xyzzy".into())

*** mutation diff:
--- crates/tianheng/src/runner.rs
+++ replace require_non_empty -> Result<String, u8> with Ok("xyzzy".into())
@@ -480,22 +480,17 @@
 /// The one rule both flag forms share: a value must not be empty. `--flag=` and `--flag ""` are the
 /// same mistake as `--flag` with nothing after it — a flag given no value — so all three are one
 /// usage error (exit 2) rather than an empty string carried onward. An empty path reaches the
 /// filesystem as `""` and answers `NotFound`, which reads as "cannot read baseline " against a path
 /// nobody typed: the malformed invocation misreported as a missing file, the same misdirection the
 /// flag-shaped-value rule exists to prevent one shape earlier. Shared by the space and equals forms
 /// so the two cannot diverge on what counts as a value.
 fn require_non_empty(flag: &str, value: String) -> Result<String, u8> {
-    if value.is_empty() {
-        return Err(usage(&format!(
-            "{flag} requires a value, but was given an empty one"
-        )));
-    }
-    Ok(value)
+    Ok("xyzzy".into()) /* ~ changed by cargo-mutants ~ */
 }
 
 /// Walk up from the current directory to the nearest `Cargo.toml`, cargo-style, so
 /// `check` can default its target like `cargo` does when `--manifest-path` is omitted.
 /// The shell reads the cwd; the walk itself is the pure [`nearest_manifest_from`].
 fn nearest_manifest() -> Option<PathBuf> {
     nearest_manifest_from(std::env::current_dir().ok()?)
 }


*** /home/qaz/.rustup/toolchains/stable-x86_64-unknown-linux-gnu/bin/cargo test --no-run --verbose --package=tianheng@0.3.0
       Fresh itoa v1.0.18
       Fresh memchr v2.8.2
       Fresh unicode-ident v1.0.24
       Fresh serde_core v1.0.228
       Fresh zmij v1.0.21
       Fresh serde_json v1.0.150
       Fresh proc-macro2 v1.0.106
       Fresh xuanji v0.3.0 (/tmp/cargo-mutants-tianheng-lIZVEK.tmp/crates/xuanji)
       Fresh xingbiao v0.3.0 (/tmp/cargo-mutants-tianheng-lIZVEK.tmp/crates/xingbiao)
       Fresh quote v1.0.46
       Fresh syn v2.0.118
       Fresh louke v0.3.0 (/tmp/cargo-mutants-tianheng-lIZVEK.tmp/crates/louke)
       Fresh guibiao v0.3.0 (/tmp/cargo-mutants-tianheng-lIZVEK.tmp/crates/guibiao)
       Fresh hunyi v0.3.0 (/tmp/cargo-mutants-tianheng-lIZVEK.tmp/crates/hunyi)
       Dirty tianheng v0.3.0 (/tmp/cargo-mutants-tianheng-lIZVEK.tmp/crates/tianheng): the file `crates/tianheng/src/runner.rs` has changed (1785768761.655044619s, 1s after last build at 1785768760.555058011s)
   Compiling tianheng v0.3.0 (/tmp/cargo-mutants-tianheng-lIZVEK.tmp/crates/tianheng)
     Running `/home/qaz/.rustup/toolchains/stable-x86_64-unknown-linux-gnu/bin/rustc --crate-name tianheng --edition=2024 crates/tianheng/src/lib.rs --error-format=json --json=diagnostic-rendered-ansi,artifacts,future-incompat --emit=dep-info,link -C embed-bitcode=no -C debuginfo=2 --test --check-cfg 'cfg(docsrs,test)' --check-cfg 'cfg(feature, values())' -C metadata=e82ea00bdce4d090 -C extra-filename=-13fd565204ada53d --out-dir /tmp/cargo-mutants-tianheng-lIZVEK.tmp/target/debug/deps -C incremental=/tmp/cargo-mutants-tianheng-lIZVEK.tmp/target/debug/incremental -L dependency=/tmp/cargo-mutants-tianheng-lIZVEK.tmp/target/debug/deps --extern guibiao=/tmp/cargo-mutants-tianheng-lIZVEK.tmp/target/debug/deps/libguibiao-5a9b2f5a91e763d3.rlib --extern hunyi=/tmp/cargo-mutants-tianheng-lIZVEK.tmp/target/debug/deps/libhunyi-5f1715dad8e897ad.rlib --extern louke=/tmp/cargo-mutants-tianheng-lIZVEK.tmp/target/debug/deps/liblouke-a96323cfdc48087d.rlib --extern serde_json=/tmp/cargo-mutants-tianheng-lIZVEK.tmp/target/debug/deps/libserde_json-5b0685dd019ae1a3.rlib --extern xingbiao=/tmp/cargo-mutants-tianheng-lIZVEK.tmp/target/debug/deps/libxingbiao-5b3c521daa94011a.rlib`
     Running `/home/qaz/.rustup/toolchains/stable-x86_64-unknown-linux-gnu/bin/rustc --crate-name tianheng --edition=2024 crates/tianheng/src/lib.rs --error-format=json --json=diagnostic-rendered-ansi,artifacts,future-incompat --crate-type lib --emit=dep-info,metadata,link -C embed-bitcode=no -C debuginfo=2 --check-cfg 'cfg(docsrs,test)' --check-cfg 'cfg(feature, values())' -C metadata=100670b788d05a00 -C extra-filename=-664e2109ddaf24ab --out-dir /tmp/cargo-mutants-tianheng-lIZVEK.tmp/target/debug/deps -C incremental=/tmp/cargo-mutants-tianheng-lIZVEK.tmp/target/debug/incremental -L dependency=/tmp/cargo-mutants-tianheng-lIZVEK.tmp/target/debug/deps --extern guibiao=/tmp/cargo-mutants-tianheng-lIZVEK.tmp/target/debug/deps/libguibiao-5a9b2f5a91e763d3.rmeta --extern hunyi=/tmp/cargo-mutants-tianheng-lIZVEK.tmp/target/debug/deps/libhunyi-5f1715dad8e897ad.rmeta --extern louke=/tmp/cargo-mutants-tianheng-lIZVEK.tmp/target/debug/deps/liblouke-a96323cfdc48087d.rmeta --extern serde_json=/tmp/cargo-mutants-tianheng-lIZVEK.tmp/target/debug/deps/libserde_json-5b0685dd019ae1a3.rmeta --extern xingbiao=/tmp/cargo-mutants-tianheng-lIZVEK.tmp/target/debug/deps/libxingbiao-5b3c521daa94011a.rmeta`
warning: unused variable: `flag`
   --> crates/tianheng/src/runner.rs:487:22
    |
487 | fn require_non_empty(flag: &str, value: String) -> Result<String, u8> {
    |                      ^^^^ help: if this is intentional, prefix it with an underscore: `_flag`
    |
    = note: `#[warn(unused_variables)]` (part of `#[warn(unused)]`) on by default

warning: unused variable: `value`
   --> crates/tianheng/src/runner.rs:487:34
    |
487 | fn require_non_empty(flag: &str, value: String) -> Result<String, u8> {
    |                                  ^^^^^ help: if this is intentional, prefix it with an underscore: `_value`

warning: `tianheng` (lib) generated 2 warnings (run `cargo fix --lib -p tianheng` to apply 2 suggestions)
     Running `/home/qaz/.rustup/toolchains/stable-x86_64-unknown-linux-gnu/bin/rustc --crate-name dual_backed_module_conformance --edition=2024 crates/tianheng/tests/dual_backed_module_conformance.rs --error-format=json --json=diagnostic-rendered-ansi,artifacts,future-incompat --emit=dep-info,link -C embed-bitcode=no -C debuginfo=2 --test --check-cfg 'cfg(docsrs,test)' --check-cfg 'cfg(feature, values())' -C metadata=e974b94498b540f1 -C extra-filename=-5c586a043ea130ba --out-dir /tmp/cargo-mutants-tianheng-lIZVEK.tmp/target/debug/deps -C incremental=/tmp/cargo-mutants-tianheng-lIZVEK.tmp/target/debug/incremental -L dependency=/tmp/cargo-mutants-tianheng-lIZVEK.tmp/target/debug/deps --extern guibiao=/tmp/cargo-mutants-tianheng-lIZVEK.tmp/target/debug/deps/libguibiao-5a9b2f5a91e763d3.rlib --extern hunyi=/tmp/cargo-mutants-tianheng-lIZVEK.tmp/target/debug/deps/libhunyi-5f1715dad8e897ad.rlib --extern louke=/tmp/cargo-mutants-tianheng-lIZVEK.tmp/target/debug/deps/liblouke-a96323cfdc48087d.rlib --extern serde_json=/tmp/cargo-mutants-tianheng-lIZVEK.tmp/target/debug/deps/libserde_json-5b0685dd019ae1a3.rlib --extern tianheng=/tmp/cargo-mutants-tianheng-lIZVEK.tmp/target/debug/deps/libtianheng-664e2109ddaf24ab.rlib --extern xingbiao=/tmp/cargo-mutants-tianheng-lIZVEK.tmp/target/debug/deps/libxingbiao-5b3c521daa94011a.rlib`
     Running `/home/qaz/.rustup/toolchains/stable-x86_64-unknown-linux-gnu/bin/rustc --crate-name tianheng --edition=2024 crates/tianheng/src/main.rs --error-format=json --json=diagnostic-rendered-ansi,artifacts,future-incompat --emit=dep-info,link -C embed-bitcode=no -C debuginfo=2 --test --check-cfg 'cfg(docsrs,test)' --check-cfg 'cfg(feature, values())' -C metadata=b8b192cf7e0d98da -C extra-filename=-c2f18ba36095d547 --out-dir /tmp/cargo-mutants-tianheng-lIZVEK.tmp/target/debug/deps -C incremental=/tmp/cargo-mutants-tianheng-lIZVEK.tmp/target/debug/incremental -L dependency=/tmp/cargo-mutants-tianheng-lIZVEK.tmp/target/debug/deps --extern guibiao=/tmp/cargo-mutants-tianheng-lIZVEK.tmp/target/debug/deps/libguibiao-5a9b2f5a91e763d3.rlib --extern hunyi=/tmp/cargo-mutants-tianheng-lIZVEK.tmp/target/debug/deps/libhunyi-5f1715dad8e897ad.rlib --extern louke=/tmp/cargo-mutants-tianheng-lIZVEK.tmp/target/debug/deps/liblouke-a96323cfdc48087d.rlib --extern serde_json=/tmp/cargo-mutants-tianheng-lIZVEK.tmp/target/debug/deps/libserde_json-5b0685dd019ae1a3.rlib --extern tianheng=/tmp/cargo-mutants-tianheng-lIZVEK.tmp/target/debug/deps/libtianheng-664e2109ddaf24ab.rlib --extern xingbiao=/tmp/cargo-mutants-tianheng-lIZVEK.tmp/target/debug/deps/libxingbiao-5b3c521daa94011a.rlib`
     Running `/home/qaz/.rustup/toolchains/stable-x86_64-unknown-linux-gnu/bin/rustc --crate-name self_governance --edition=2024 crates/tianheng/tests/self_governance.rs --error-format=json --json=diagnostic-rendered-ansi,artifacts,future-incompat --emit=dep-info,link -C embed-bitcode=no -C debuginfo=2 --test --check-cfg 'cfg(docsrs,test)' --check-cfg 'cfg(feature, values())' -C metadata=3d98c507aa78025a -C extra-filename=-66f63dcba7ef8530 --out-dir /tmp/cargo-mutants-tianheng-lIZVEK.tmp/target/debug/deps -C incremental=/tmp/cargo-mutants-tianheng-lIZVEK.tmp/target/debug/incremental -L dependency=/tmp/cargo-mutants-tianheng-lIZVEK.tmp/target/debug/deps --extern guibiao=/tmp/cargo-mutants-tianheng-lIZVEK.tmp/target/debug/deps/libguibiao-5a9b2f5a91e763d3.rlib --extern hunyi=/tmp/cargo-mutants-tianheng-lIZVEK.tmp/target/debug/deps/libhunyi-5f1715dad8e897ad.rlib --extern louke=/tmp/cargo-mutants-tianheng-lIZVEK.tmp/target/debug/deps/liblouke-a96323cfdc48087d.rlib --extern serde_json=/tmp/cargo-mutants-tianheng-lIZVEK.tmp/target/debug/deps/libserde_json-5b0685dd019ae1a3.rlib --extern tianheng=/tmp/cargo-mutants-tianheng-lIZVEK.tmp/target/debug/deps/libtianheng-664e2109ddaf24ab.rlib --extern xingbiao=/tmp/cargo-mutants-tianheng-lIZVEK.tmp/target/debug/deps/libxingbiao-5b3c521daa94011a.rlib`
     Running `/home/qaz/.rustup/toolchains/stable-x86_64-unknown-linux-gnu/bin/rustc --crate-name cfg_if_transparency_conformance --edition=2024 crates/tianheng/tests/cfg_if_transparency_conformance.rs --error-format=json --json=diagnostic-rendered-ansi,artifacts,future-incompat --emit=dep-info,link -C embed-bitcode=no -C debuginfo=2 --test --check-cfg 'cfg(docsrs,test)' --check-cfg 'cfg(feature, values())' -C metadata=b5ee68019a7e03d2 -C extra-filename=-43fe740fe18ab66f --out-dir /tmp/cargo-mutants-tianheng-lIZVEK.tmp/target/debug/deps -C incremental=/tmp/cargo-mutants-tianheng-lIZVEK.tmp/target/debug/incremental -L dependency=/tmp/cargo-mutants-tianheng-lIZVEK.tmp/target/debug/deps --extern guibiao=/tmp/cargo-mutants-tianheng-lIZVEK.tmp/target/debug/deps/libguibiao-5a9b2f5a91e763d3.rlib --extern hunyi=/tmp/cargo-mutants-tianheng-lIZVEK.tmp/target/debug/deps/libhunyi-5f1715dad8e897ad.rlib --extern louke=/tmp/cargo-mutants-tianheng-lIZVEK.tmp/target/debug/deps/liblouke-a96323cfdc48087d.rlib --extern serde_json=/tmp/cargo-mutants-tianheng-lIZVEK.tmp/target/debug/deps/libserde_json-5b0685dd019ae1a3.rlib --extern tianheng=/tmp/cargo-mutants-tianheng-lIZVEK.tmp/target/debug/deps/libtianheng-664e2109ddaf24ab.rlib --extern xingbiao=/tmp/cargo-mutants-tianheng-lIZVEK.tmp/target/debug/deps/libxingbiao-5b3c521daa94011a.rlib`
     Running `/home/qaz/.rustup/toolchains/stable-x86_64-unknown-linux-gnu/bin/rustc --crate-name lexical_conformance --edition=2024 crates/tianheng/tests/lexical_conformance.rs --error-format=json --json=diagnostic-rendered-ansi,artifacts,future-incompat --emit=dep-info,link -C embed-bitcode=no -C debuginfo=2 --test --check-cfg 'cfg(docsrs,test)' --check-cfg 'cfg(feature, values())' -C metadata=cfcb0ab4f2ba9536 -C extra-filename=-14e9ad2e6939c816 --out-dir /tmp/cargo-mutants-tianheng-lIZVEK.tmp/target/debug/deps -C incremental=/tmp/cargo-mutants-tianheng-lIZVEK.tmp/target/debug/incremental -L dependency=/tmp/cargo-mutants-tianheng-lIZVEK.tmp/target/debug/deps --extern guibiao=/tmp/cargo-mutants-tianheng-lIZVEK.tmp/target/debug/deps/libguibiao-5a9b2f5a91e763d3.rlib --extern hunyi=/tmp/cargo-mutants-tianheng-lIZVEK.tmp/target/debug/deps/libhunyi-5f1715dad8e897ad.rlib --extern louke=/tmp/cargo-mutants-tianheng-lIZVEK.tmp/target/debug/deps/liblouke-a96323cfdc48087d.rlib --extern serde_json=/tmp/cargo-mutants-tianheng-lIZVEK.tmp/target/debug/deps/libserde_json-5b0685dd019ae1a3.rlib --extern tianheng=/tmp/cargo-mutants-tianheng-lIZVEK.tmp/target/debug/deps/libtianheng-664e2109ddaf24ab.rlib --extern xingbiao=/tmp/cargo-mutants-tianheng-lIZVEK.tmp/target/debug/deps/libxingbiao-5b3c521daa94011a.rlib`
     Running `/home/qaz/.rustup/toolchains/stable-x86_64-unknown-linux-gnu/bin/rustc --crate-name cfg_attr_path_only_module_conformance --edition=2024 crates/tianheng/tests/cfg_attr_path_only_module_conformance.rs --error-format=json --json=diagnostic-rendered-ansi,artifacts,future-incompat --emit=dep-info,link -C embed-bitcode=no -C debuginfo=2 --test --check-cfg 'cfg(docsrs,test)' --check-cfg 'cfg(feature, values())' -C metadata=f57622a86358b2cc -C extra-filename=-e6b804805aed6cc3 --out-dir /tmp/cargo-mutants-tianheng-lIZVEK.tmp/target/debug/deps -C incremental=/tmp/cargo-mutants-tianheng-lIZVEK.tmp/target/debug/incremental -L dependency=/tmp/cargo-mutants-tianheng-lIZVEK.tmp/target/debug/deps --extern guibiao=/tmp/cargo-mutants-tianheng-lIZVEK.tmp/target/debug/deps/libguibiao-5a9b2f5a91e763d3.rlib --extern hunyi=/tmp/cargo-mutants-tianheng-lIZVEK.tmp/target/debug/deps/libhunyi-5f1715dad8e897ad.rlib --extern louke=/tmp/cargo-mutants-tianheng-lIZVEK.tmp/target/debug/deps/liblouke-a96323cfdc48087d.rlib --extern serde_json=/tmp/cargo-mutants-tianheng-lIZVEK.tmp/target/debug/deps/libserde_json-5b0685dd019ae1a3.rlib --extern tianheng=/tmp/cargo-mutants-tianheng-lIZVEK.tmp/target/debug/deps/libtianheng-664e2109ddaf24ab.rlib --extern xingbiao=/tmp/cargo-mutants-tianheng-lIZVEK.tmp/target/debug/deps/libxingbiao-5b3c521daa94011a.rlib`
     Running `/home/qaz/.rustup/toolchains/stable-x86_64-unknown-linux-gnu/bin/rustc --crate-name baseline_cli --edition=2024 crates/tianheng/tests/baseline_cli.rs --error-format=json --json=diagnostic-rendered-ansi,artifacts,future-incompat --emit=dep-info,link -C embed-bitcode=no -C debuginfo=2 --test --check-cfg 'cfg(docsrs,test)' --check-cfg 'cfg(feature, values())' -C metadata=1b438a985080e10a -C extra-filename=-985432809eeedb90 --out-dir /tmp/cargo-mutants-tianheng-lIZVEK.tmp/target/debug/deps -C incremental=/tmp/cargo-mutants-tianheng-lIZVEK.tmp/target/debug/incremental -L dependency=/tmp/cargo-mutants-tianheng-lIZVEK.tmp/target/debug/deps --extern guibiao=/tmp/cargo-mutants-tianheng-lIZVEK.tmp/target/debug/deps/libguibiao-5a9b2f5a91e763d3.rlib --extern hunyi=/tmp/cargo-mutants-tianheng-lIZVEK.tmp/target/debug/deps/libhunyi-5f1715dad8e897ad.rlib --extern louke=/tmp/cargo-mutants-tianheng-lIZVEK.tmp/target/debug/deps/liblouke-a96323cfdc48087d.rlib --extern serde_json=/tmp/cargo-mutants-tianheng-lIZVEK.tmp/target/debug/deps/libserde_json-5b0685dd019ae1a3.rlib --extern tianheng=/tmp/cargo-mutants-tianheng-lIZVEK.tmp/target/debug/deps/libtianheng-664e2109ddaf24ab.rlib --extern xingbiao=/tmp/cargo-mutants-tianheng-lIZVEK.tmp/target/debug/deps/libxingbiao-5b3c521daa94011a.rlib`
     Running `/home/qaz/.rustup/toolchains/stable-x86_64-unknown-linux-gnu/bin/rustc --crate-name path_within_conformance --edition=2024 crates/tianheng/tests/path_within_conformance.rs --error-format=json --json=diagnostic-rendered-ansi,artifacts,future-incompat --emit=dep-info,link -C embed-bitcode=no -C debuginfo=2 --test --check-cfg 'cfg(docsrs,test)' --check-cfg 'cfg(feature, values())' -C metadata=12dc90ffcbacfe44 -C extra-filename=-df90c4413c898601 --out-dir /tmp/cargo-mutants-tianheng-lIZVEK.tmp/target/debug/deps -C incremental=/tmp/cargo-mutants-tianheng-lIZVEK.tmp/target/debug/incremental -L dependency=/tmp/cargo-mutants-tianheng-lIZVEK.tmp/target/debug/deps --extern guibiao=/tmp/cargo-mutants-tianheng-lIZVEK.tmp/target/debug/deps/libguibiao-5a9b2f5a91e763d3.rlib --extern hunyi=/tmp/cargo-mutants-tianheng-lIZVEK.tmp/target/debug/deps/libhunyi-5f1715dad8e897ad.rlib --extern louke=/tmp/cargo-mutants-tianheng-lIZVEK.tmp/target/debug/deps/liblouke-a96323cfdc48087d.rlib --extern serde_json=/tmp/cargo-mutants-tianheng-lIZVEK.tmp/target/debug/deps/libserde_json-5b0685dd019ae1a3.rlib --extern tianheng=/tmp/cargo-mutants-tianheng-lIZVEK.tmp/target/debug/deps/libtianheng-664e2109ddaf24ab.rlib --extern xingbiao=/tmp/cargo-mutants-tianheng-lIZVEK.tmp/target/debug/deps/libxingbiao-5b3c521daa94011a.rlib`
     Running `/home/qaz/.rustup/toolchains/stable-x86_64-unknown-linux-gnu/bin/rustc --crate-name errors_conformance --edition=2024 crates/tianheng/tests/errors_conformance.rs --error-format=json --json=diagnostic-rendered-ansi,artifacts,future-incompat --emit=dep-info,link -C embed-bitcode=no -C debuginfo=2 --test --check-cfg 'cfg(docsrs,test)' --check-cfg 'cfg(feature, values())' -C metadata=e43fc1fb09a83a29 -C extra-filename=-24fea1f01b1691ce --out-dir /tmp/cargo-mutants-tianheng-lIZVEK.tmp/target/debug/deps -C incremental=/tmp/cargo-mutants-tianheng-lIZVEK.tmp/target/debug/incremental -L dependency=/tmp/cargo-mutants-tianheng-lIZVEK.tmp/target/debug/deps --extern guibiao=/tmp/cargo-mutants-tianheng-lIZVEK.tmp/target/debug/deps/libguibiao-5a9b2f5a91e763d3.rlib --extern hunyi=/tmp/cargo-mutants-tianheng-lIZVEK.tmp/target/debug/deps/libhunyi-5f1715dad8e897ad.rlib --extern louke=/tmp/cargo-mutants-tianheng-lIZVEK.tmp/target/debug/deps/liblouke-a96323cfdc48087d.rlib --extern serde_json=/tmp/cargo-mutants-tianheng-lIZVEK.tmp/target/debug/deps/libserde_json-5b0685dd019ae1a3.rlib --extern tianheng=/tmp/cargo-mutants-tianheng-lIZVEK.tmp/target/debug/deps/libtianheng-664e2109ddaf24ab.rlib --extern xingbiao=/tmp/cargo-mutants-tianheng-lIZVEK.tmp/target/debug/deps/libxingbiao-5b3c521daa94011a.rlib`
     Running `/home/qaz/.rustup/toolchains/stable-x86_64-unknown-linux-gnu/bin/rustc --crate-name adopter_surface --edition=2024 crates/tianheng/tests/adopter_surface.rs --error-format=json --json=diagnostic-rendered-ansi,artifacts,future-incompat --emit=dep-info,link -C embed-bitcode=no -C debuginfo=2 --test --check-cfg 'cfg(docsrs,test)' --check-cfg 'cfg(feature, values())' -C metadata=5a7ad33652c05152 -C extra-filename=-11522a3df9e96727 --out-dir /tmp/cargo-mutants-tianheng-lIZVEK.tmp/target/debug/deps -C incremental=/tmp/cargo-mutants-tianheng-lIZVEK.tmp/target/debug/incremental -L dependency=/tmp/cargo-mutants-tianheng-lIZVEK.tmp/target/debug/deps --extern guibiao=/tmp/cargo-mutants-tianheng-lIZVEK.tmp/target/debug/deps/libguibiao-5a9b2f5a91e763d3.rlib --extern hunyi=/tmp/cargo-mutants-tianheng-lIZVEK.tmp/target/debug/deps/libhunyi-5f1715dad8e897ad.rlib --extern louke=/tmp/cargo-mutants-tianheng-lIZVEK.tmp/target/debug/deps/liblouke-a96323cfdc48087d.rlib --extern serde_json=/tmp/cargo-mutants-tianheng-lIZVEK.tmp/target/debug/deps/libserde_json-5b0685dd019ae1a3.rlib --extern tianheng=/tmp/cargo-mutants-tianheng-lIZVEK.tmp/target/debug/deps/libtianheng-664e2109ddaf24ab.rlib --extern xingbiao=/tmp/cargo-mutants-tianheng-lIZVEK.tmp/target/debug/deps/libxingbiao-5b3c521daa94011a.rlib`
     Running `/home/qaz/.rustup/toolchains/stable-x86_64-unknown-linux-gnu/bin/rustc --crate-name tianheng --edition=2024 crates/tianheng/src/main.rs --error-format=json --json=diagnostic-rendered-ansi,artifacts,future-incompat --crate-type bin --emit=dep-info,link -C embed-bitcode=no -C debuginfo=2 --check-cfg 'cfg(docsrs,test)' --check-cfg 'cfg(feature, values())' -C metadata=1ba1060bf16e92d3 -C extra-filename=-1f4970ca910b090f --out-dir /tmp/cargo-mutants-tianheng-lIZVEK.tmp/target/debug/deps -C incremental=/tmp/cargo-mutants-tianheng-lIZVEK.tmp/target/debug/incremental -L dependency=/tmp/cargo-mutants-tianheng-lIZVEK.tmp/target/debug/deps --extern guibiao=/tmp/cargo-mutants-tianheng-lIZVEK.tmp/target/debug/deps/libguibiao-5a9b2f5a91e763d3.rlib --extern hunyi=/tmp/cargo-mutants-tianheng-lIZVEK.tmp/target/debug/deps/libhunyi-5f1715dad8e897ad.rlib --extern louke=/tmp/cargo-mutants-tianheng-lIZVEK.tmp/target/debug/deps/liblouke-a96323cfdc48087d.rlib --extern serde_json=/tmp/cargo-mutants-tianheng-lIZVEK.tmp/target/debug/deps/libserde_json-5b0685dd019ae1a3.rlib --extern tianheng=/tmp/cargo-mutants-tianheng-lIZVEK.tmp/target/debug/deps/libtianheng-664e2109ddaf24ab.rlib --extern xingbiao=/tmp/cargo-mutants-tianheng-lIZVEK.tmp/target/debug/deps/libxingbiao-5b3c521daa94011a.rlib`
warning: `tianheng` (lib test) generated 2 warnings (2 duplicates)
    Finished `test` profile [unoptimized + debuginfo] target(s) in 0.70s
  Executable `/tmp/cargo-mutants-tianheng-lIZVEK.tmp/target/debug/deps/tianheng-13fd565204ada53d`
  Executable `/tmp/cargo-mutants-tianheng-lIZVEK.tmp/target/debug/deps/tianheng-c2f18ba36095d547`
  Executable `/tmp/cargo-mutants-tianheng-lIZVEK.tmp/target/debug/deps/adopter_surface-11522a3df9e96727`
  Executable `/tmp/cargo-mutants-tianheng-lIZVEK.tmp/target/debug/deps/baseline_cli-985432809eeedb90`
  Executable `/tmp/cargo-mutants-tianheng-lIZVEK.tmp/target/debug/deps/cfg_attr_path_only_module_conformance-e6b804805aed6cc3`
  Executable `/tmp/cargo-mutants-tianheng-lIZVEK.tmp/target/debug/deps/cfg_if_transparency_conformance-43fe740fe18ab66f`
  Executable `/tmp/cargo-mutants-tianheng-lIZVEK.tmp/target/debug/deps/dual_backed_module_conformance-5c586a043ea130ba`
  Executable `/tmp/cargo-mutants-tianheng-lIZVEK.tmp/target/debug/deps/errors_conformance-24fea1f01b1691ce`
  Executable `/tmp/cargo-mutants-tianheng-lIZVEK.tmp/target/debug/deps/lexical_conformance-14e9ad2e6939c816`
  Executable `/tmp/cargo-mutants-tianheng-lIZVEK.tmp/target/debug/deps/path_within_conformance-df90c4413c898601`
  Executable `/tmp/cargo-mutants-tianheng-lIZVEK.tmp/target/debug/deps/self_governance-66f63dcba7ef8530`

*** result: Success

*** /home/qaz/.rustup/toolchains/stable-x86_64-unknown-linux-gnu/bin/cargo test --verbose --package=tianheng@0.3.0
       Fresh zmij v1.0.21
       Fresh serde_core v1.0.228
       Fresh itoa v1.0.18
       Fresh memchr v2.8.2
       Fresh unicode-ident v1.0.24
       Fresh serde_json v1.0.150
       Fresh proc-macro2 v1.0.106
       Fresh xuanji v0.3.0 (/tmp/cargo-mutants-tianheng-lIZVEK.tmp/crates/xuanji)
       Fresh xingbiao v0.3.0 (/tmp/cargo-mutants-tianheng-lIZVEK.tmp/crates/xingbiao)
       Fresh quote v1.0.46
       Fresh louke v0.3.0 (/tmp/cargo-mutants-tianheng-lIZVEK.tmp/crates/louke)
       Fresh guibiao v0.3.0 (/tmp/cargo-mutants-tianheng-lIZVEK.tmp/crates/guibiao)
       Fresh syn v2.0.118
       Fresh hunyi v0.3.0 (/tmp/cargo-mutants-tianheng-lIZVEK.tmp/crates/hunyi)
warning: unused variable: `flag`
   --> crates/tianheng/src/runner.rs:487:22
    |
487 | fn require_non_empty(flag: &str, value: String) -> Result<String, u8> {
    |                      ^^^^ help: if this is intentional, prefix it with an underscore: `_flag`
    |
    = note: `#[warn(unused_variables)]` (part of `#[warn(unused)]`) on by default

warning: unused variable: `value`
   --> crates/tianheng/src/runner.rs:487:34
    |
487 | fn require_non_empty(flag: &str, value: String) -> Result<String, u8> {
    |                                  ^^^^^ help: if this is intentional, prefix it with an underscore: `_value`

warning: `tianheng` (lib) generated 2 warnings (run `cargo fix --lib -p tianheng` to apply 2 suggestions)
warning: `tianheng` (lib test) generated 2 warnings (2 duplicates)
       Fresh tianheng v0.3.0 (/tmp/cargo-mutants-tianheng-lIZVEK.tmp/crates/tianheng)
    Finished `test` profile [unoptimized + debuginfo] target(s) in 0.01s
     Running `/tmp/cargo-mutants-tianheng-lIZVEK.tmp/target/debug/deps/tianheng-13fd565204ada53d`

running 88 tests
test runner::tests::a_flag_shaped_value_is_a_usage_error ... ok
test runner::tests::a_flag_shaped_write_baseline_value_is_never_silently_written ... ok
test runner::tests::a_static_constitution_error_wins_when_both_error ... ok
test runner::tests::a_semantic_constitution_error_supersedes_static_violations ... ok
test runner::tests::active_render_colours_around_the_text_without_changing_it ... ok
test existential::tests::no_existential_leak_composes_faithfully ... ok
test existential::tests::no_existential_leak_hardcodes_subtree_scope_on_both_halves ... ok
test runner::tests::a_bare_boundary_omits_the_opt_in_from_every_projection ... ok
test runner::tests::both_baseline_flags_exit_2 ... ok
test runner::tests::check_rejects_the_list_only_markdown_format ... ok
test runner::tests::async_exposure_boundary_projects_into_list_document_and_markdown ... ok
test existential::tests::no_existential_leak_threads_severity_to_both ... ok
test runner::tests::dyn_trait_text_lists_each_boundary ... ok
test runner::tests::an_anchored_semantic_boundary_projects_its_anchor_only_when_set ... ok
test runner::tests::constitution_error_machine_output_carries_no_ansi ... ok
test runner::tests::dyn_trait_boundary_projects_into_list_document_and_markdown ... ok
test runner::tests::flag_missing_its_value_is_a_usage_error ... ok
test runner::tests::including_trait_impls_projects_into_text_json_and_markdown ... ok
test runner::tests::impl_trait_boundary_projects_into_list_document_and_markdown ... ok
test runner::tests::list_accepts_markdown_format ... FAILED
test runner::tests::list_needs_no_manifest_path_and_exits_0 ... ok
test runner::tests::json_projection_is_unchanged_by_the_text_grouping ... ok
test runner::tests::constitution_markdown_equals_the_cli_projection_byte_for_byte ... ok
test runner::tests::list_markdown_empty_constitution_has_a_title_but_no_sections ... ok
test runner::tests::list_document_covers_every_populated_dimension ... ok
test runner::tests::list_rejects_the_check_only_sarif_format ... ok
test runner::tests::list_rejects_check_only_flags ... ok
test runner::tests::list_unknown_flag_exits_2 ... ok
test runner::tests::list_json_exits_0 ... FAILED
test runner::tests::list_unknown_format_is_a_usage_error ... ok
test runner::tests::markdown_params_exclude_exactly_the_structural_base_keys ... ok
test runner::tests::list_markdown_covers_every_dimension_with_target_rule_and_reason ... ok
test runner::tests::markdown_foregrounds_the_reason_before_rule_and_classification ... ok
test runner::tests::markdown_projects_a_dependency_source_boundary_with_its_allowed_sources ... ok
test runner::tests::markdown_reasonless_boundary_has_no_blockquote_or_orphan_blank_line ... ok
test runner::tests::merge_combines_violations_from_both_dimensions ... ok
test runner::tests::merge_is_clean_only_when_both_are_clean ... ok
test runner::tests::missing_baseline_creation_cannot_clobber_a_file_that_appeared ... ok
test runner::tests::misspelled_flag_fails_loud_instead_of_being_ignored ... ok
test runner::tests::merge_folds_a_trait_impl_violation_into_the_report ... ok
test runner::tests::plain_render_carries_no_ansi_escapes ... ok
test runner::tests::markdown_projection_covers_every_dimension_the_json_document_emits ... ok
test runner::tests::operand_scoped_dyn_boundary_projects_its_forbidden_operands ... ok
test runner::tests::operand_scoped_impl_trait_boundary_projects_its_forbidden_operands ... ok
test runner::tests::report_text_leads_with_reason_and_shows_the_offending_file ... ok
test runner::tests::projection_gate_reacts_to_missing_stale_and_regenerates_on_bless ... ok
test runner::tests::report_text_groups_violations_by_boundary ... ok
test runner::tests::report_text_shows_anchor_and_repair_polarity_after_the_located_facts ... ok
test runner::tests::nearest_manifest_walks_up_to_the_nearest_cargo_toml ... ok
test runner::tests::sarif_exits_like_json ... FAILED
test runner::tests::report_sarif_carries_the_anchor_in_a_result_property_bag ... ok
test runner::tests::sarif_clean_is_empty_and_constitution_error_marks_execution_unsuccessful ... ok
test runner::tests::semantic_text_lists_each_boundary ... ok
test runner::tests::stray_positional_exits_2 ... ok
test runner::tests::style_error_is_plain_identity_and_active_wraps ... ok
test runner::tests::the_coverage_advisory_names_each_uncovered_crate_only_under_the_flag ... ok
test runner::tests::report_sarif_merges_anchor_and_polarity_into_one_property_bag ... ok
test runner::tests::sarif_projects_violations_with_file_level_locations_and_no_region ... ok
test runner::tests::sarif_fingerprint_ignores_presentation_diagnostics_and_result_order ... ok
test runner::tests::sarif_fingerprints_file_less_violations_by_their_full_identity ... ok
test runner::tests::the_runtime_projection_distinguishes_posture ... ok
test runner::tests::report_text_omits_anchor_and_repair_when_absent ... ok
test runner::tests::trait_impl_text_lists_each_boundary ... ok
test runner::tests::semantic_violation_projects_its_file_in_json_and_sarif ... ok
test runner::tests::unknown_format_exits_2 ... ok
test runner::tests::visibility_text_lists_each_boundary_and_is_empty_when_none ... ok
test runner::tests::report_text_omits_the_file_element_when_absent ... ok
test runner::tests::unknown_flag_exits_2 ... ok
test runner::tests::write_baseline_refuses_every_unsupported_existing_document_without_modifying_it ... ok
test sans_io::tests::sans_io_pure_bakes_no_defaults ... ok
test sans_io::tests::sans_io_pure_composes_faithfully ... ok
test sans_io::tests::sans_io_pure_threads_severity_to_both ... ok
test testing::tests::missing_explicit_manifest_or_fixture_panics_loudly ... ok
test testing::tests::projection_bless_mode_child ... ignored, executed in subprocesses by projection_freshness_covers_every_bless_mode

running 1 test
test testing::tests::projection_bless_mode_child ... ok

test result: ok. 1 passed; 0 failed; 0 ignored; 0 measured; 87 filtered out; finished in 0.00s


running 1 test
test testing::tests::projection_bless_mode_child ... ok

test result: ok. 1 passed; 0 failed; 0 ignored; 0 measured; 87 filtered out; finished in 0.00s


running 1 test
test runner::tests::write_baseline_preserves_hand_added_metadata_across_regeneration ... ok
test runner::tests::the_trait_impl_dimension_is_wired_through_dispatch ... ok
test testing::tests::relative_paths_resolve_from_their_callers_base ... ok
test testing::tests::projection_bless_mode_child ... ok

test result: ok. 1 passed; 0 failed; 0 ignored; 0 measured; 87 filtered out; finished in 0.00s

test runner::tests::warn_uncovered_never_changes_the_exit_code ... FAILED
test runner::tests::the_runtime_dimension_is_wired_through_dispatch ... FAILED
test runner::tests::composed_check_preserves_static_error_precedence ... ok
test runner::tests::the_crate_source_rule_is_wired_through_dispatch ... FAILED
test runner::tests::the_visibility_dimension_is_wired_through_dispatch ... ok
test runner::tests::an_orphan_probe_reacts_with_no_declared_boundary ... FAILED

running 1 test
test testing::tests::projection_bless_mode_child ... ok

test result: ok. 1 passed; 0 failed; 0 ignored; 0 measured; 87 filtered out; finished in 0.00s


running 1 test
test testing::tests::projection_bless_mode_child ... ok

test result: ok. 1 passed; 0 failed; 0 ignored; 0 measured; 87 filtered out; finished in 0.00s


running 1 test
test testing::tests::projection_bless_mode_child ... ok

test result: ok. 1 passed; 0 failed; 0 ignored; 0 measured; 87 filtered out; finished in 0.00s


running 1 test
test testing::tests::projection_bless_mode_child ... ok

test result: ok. 1 passed; 0 failed; 0 ignored; 0 measured; 87 filtered out; finished in 0.00s


running 1 test
test testing::tests::projection_bless_mode_child ... ok

test result: ok. 1 passed; 0 failed; 0 ignored; 0 measured; 87 filtered out; finished in 0.00s

test testing::tests::projection_freshness_covers_every_bless_mode ... ok
test runner::tests::composed_runtime_audit_uses_custom_roots_and_rejects_orphan_only_coverage ... ok
test testing::tests::workspace_coverage_counts_semantic_targets_but_not_runtime_seams ... ok
test runner::tests::an_empty_flag_value_is_a_usage_error_in_both_forms ... ok
test runner::tests::the_runtime_audit_reports_the_declared_unprobed_seam ... ok

failures:

---- runner::tests::list_accepts_markdown_format stdout ----
usage:
  tianheng check --manifest-path <path/to/Cargo.toml> [--baseline <file> | --write-baseline <file>] [--format text|json|sarif] [--warn-uncovered] [--disallow-stale]
  tianheng list [--format text|json|markdown]
error: unknown --format 'xyzzy' (expected text, json, markdown, or sarif)

thread 'runner::tests::list_accepts_markdown_format' (2753394) panicked at crates/tianheng/src/runner/tests.rs:1679:5:
assertion `left == right` failed
  left: 2
 right: 0
note: run with `RUST_BACKTRACE=1` environment variable to display a backtrace

---- runner::tests::list_json_exits_0 stdout ----
usage:
  tianheng check --manifest-path <path/to/Cargo.toml> [--baseline <file> | --write-baseline <file>] [--format text|json|sarif] [--warn-uncovered] [--disallow-stale]
  tianheng list [--format text|json|markdown]
error: unknown --format 'xyzzy' (expected text, json, markdown, or sarif)

thread 'runner::tests::list_json_exits_0' (2753397) panicked at crates/tianheng/src/runner/tests.rs:1875:5:
assertion `left == right` failed
  left: 2
 right: 0

---- runner::tests::sarif_exits_like_json stdout ----
usage:
  tianheng check --manifest-path <path/to/Cargo.toml> [--baseline <file> | --write-baseline <file>] [--format text|json|sarif] [--warn-uncovered] [--disallow-stale]
  tianheng list [--format text|json|markdown]
error: unknown --format 'xyzzy' (expected text, json, markdown, or sarif)

thread 'runner::tests::sarif_exits_like_json' (2753428) panicked at crates/tianheng/src/runner/tests.rs:1632:9:
assertion `left == right` failed: violating fixture exits 1 under --format json
  left: 2
 right: 1

---- runner::tests::warn_uncovered_never_changes_the_exit_code stdout ----
Tianheng constitution error: a boundary is observed against a real workspace, so an unreadable one cannot be judged and its verdict would be a false pass: cannot read target workspace at xyzzy (error: manifest path `xyzzy` does not exist); check the manifest path and that `cargo metadata` succeeds

thread 'runner::tests::warn_uncovered_never_changes_the_exit_code' (2753483) panicked at crates/tianheng/src/runner/tests.rs:2016:5:
assertion `left == right` failed: an uncovered-but-clean workspace stays exit 0 under --warn-uncovered (advisory only)
  left: 2
 right: 0

---- runner::tests::the_runtime_dimension_is_wired_through_dispatch stdout ----
Tianheng constitution error: a boundary is observed against a real workspace, so an unreadable one cannot be judged and its verdict would be a false pass: cannot read target workspace at xyzzy (error: manifest path `xyzzy` does not exist); check the manifest path and that `cargo metadata` succeeds

thread 'runner::tests::the_runtime_dimension_is_wired_through_dispatch' (2753440) panicked at crates/tianheng/src/runner/tests.rs:777:5:
assertion `left == right` failed: a declared-but-unprobed runtime seam reaches exit 1 through dispatch
  left: 2
 right: 1

---- runner::tests::the_crate_source_rule_is_wired_through_dispatch stdout ----
Tianheng constitution error: a boundary is observed against a real workspace, so an unreadable one cannot be judged and its verdict would be a false pass: cannot read target workspace at xyzzy (error: manifest path `xyzzy` does not exist); check the manifest path and that `cargo metadata` succeeds

thread 'runner::tests::the_crate_source_rule_is_wired_through_dispatch' (2753437) panicked at crates/tianheng/src/runner/tests.rs:869:5:
assertion `left == right` failed: a path dependency under a Registry-only source rule reaches exit 1 through dispatch
  left: 2
 right: 1

---- runner::tests::an_orphan_probe_reacts_with_no_declared_boundary stdout ----
Tianheng constitution error: a boundary is observed against a real workspace, so an unreadable one cannot be judged and its verdict would be a false pass: cannot read target workspace at xyzzy (error: manifest path `xyzzy` does not exist); check the manifest path and that `cargo metadata` succeeds

thread 'runner::tests::an_orphan_probe_reacts_with_no_declared_boundary' (2753377) panicked at crates/tianheng/src/runner/tests.rs:814:5:
assertion `left == right` failed: an orphan `assert_boundary!` probe with no declared boundary reacts at CI
  left: 2
 right: 1


failures:
    runner::tests::an_orphan_probe_reacts_with_no_declared_boundary
    runner::tests::list_accepts_markdown_format
    runner::tests::list_json_exits_0
    runner::tests::sarif_exits_like_json
    runner::tests::the_crate_source_rule_is_wired_through_dispatch
    runner::tests::the_runtime_dimension_is_wired_through_dispatch
    runner::tests::warn_uncovered_never_changes_the_exit_code

test result: FAILED. 80 passed; 7 failed; 1 ignored; 0 measured; 0 filtered out; finished in 0.22s

error: test failed, to rerun pass `-p tianheng --lib`

*** result: Failure(101)
